--- STARTING ALL 14 TESTS ---
User exists, deleting using prisma and retrying...
--- STARTING ALL 14 TESTS ---
T1: Create User PASS
T2: Get All Users PASS
T3: Search Users PASS
T4: Filter by Status PASS
T5: Get User Details PASS
T6: Lock User PASS
T7: Activate User PASS
T8: Verify Email PASS
T9: Get Sessions PASS
T10: Revoke Sessions PASS
T12: Error Safety PASS
T13: Pagination PASS
T14: Filters PASS
T11: Delete PASS

ALL TESTS PASS!
